----------------------------------------
| SEPTEMBER statistic for 79096690853  |
----------------------------------------
|   Type   | Day |  Start   |   End    |
----------------------------------------
| OUTGOING | 10  | 01:37:43 | 02:07:23 |
| OUTGOING | 11  | 00:50:41 | 00:52:32 |
| OUTGOING | 17  | 14:32:03 | 15:06:02 |
| OUTGOING | 19  | 14:39:32 | 15:10:11 |
| INCOMING | 19  | 17:16:23 | 18:08:01 |
| INCOMING | 24  | 16:12:57 | 16:19:42 |
| INCOMING | 27  | 11:57:21 | 12:09:28 |
----------------------------------------
| Total incoming call time:   01:10:30 |
| Total outgoing call time:   01:36:09 |
----------------------------------------