{
  "msisdn": "73045806850",
  "incomingCall": {
    "totalTime": "00:01:08"
  },
  "outgoingCall": {
    "totalTime": "01:55:29"
  }
}