{
  "msisdn": "74800090085",
  "incomingCall": {
    "totalTime": "02:49:34"
  },
  "outgoingCall": {
    "totalTime": "01:57:10"
  }
}