{
  "msisdn": "74800090085",
  "incomingCall": {
    "totalTime": "01:07:42"
  },
  "outgoingCall": {
    "totalTime": "01:04:24"
  }
}