{
  "msisdn": "74800090085",
  "incomingCall": {
    "totalTime": "02:12:21"
  },
  "outgoingCall": {
    "totalTime": "02:22:05"
  }
}