{
  "msisdn": "75266183737",
  "incomingCall": {
    "totalTime": "00:14:08"
  },
  "outgoingCall": {
    "totalTime": "00:52:51"
  }
}