{
  "msisdn": "75266183737",
  "incomingCall": {
    "totalTime": "00:54:20"
  },
  "outgoingCall": {
    "totalTime": "00:00:00"
  }
}