{
  "msisdn": "75266183737",
  "incomingCall": {
    "totalTime": "00:00:00"
  },
  "outgoingCall": {
    "totalTime": "01:42:13"
  }
}