{
  "msisdn": "75266183737",
  "incomingCall": {
    "totalTime": "02:49:34"
  },
  "outgoingCall": {
    "totalTime": "01:57:10"
  }
}