{
  "msisdn": "75384080755",
  "incomingCall": {
    "totalTime": "02:40:06"
  },
  "outgoingCall": {
    "totalTime": "02:16:02"
  }
}