{
  "msisdn": "76475050278",
  "incomingCall": {
    "totalTime": "00:54:20"
  },
  "outgoingCall": {
    "totalTime": "00:00:00"
  }
}