{
  "msisdn": "76475050278",
  "incomingCall": {
    "totalTime": "00:15:42"
  },
  "outgoingCall": {
    "totalTime": "01:24:25"
  }
}