{
  "msisdn": "76589470821",
  "incomingCall": {
    "totalTime": "00:13:19"
  },
  "outgoingCall": {
    "totalTime": "00:39:10"
  }
}