{
  "msisdn": "76589470821",
  "incomingCall": {
    "totalTime": "02:19:05"
  },
  "outgoingCall": {
    "totalTime": "02:22:27"
  }
}