{
  "msisdn": "76582040665",
  "incomingCall": {
    "totalTime": "02:12:21"
  },
  "outgoingCall": {
    "totalTime": "02:22:05"
  }
}