{
  "msisdn": "79728561497",
  "incomingCall": {
    "totalTime": "01:07:42"
  },
  "outgoingCall": {
    "totalTime": "01:04:24"
  }
}