{
  "msisdn": "70381838516",
  "incomingCall": {
    "totalTime": "01:50:43"
  },
  "outgoingCall": {
    "totalTime": "00:00:00"
  }
}