{
  "msisdn": "70381838516",
  "incomingCall": {
    "totalTime": "01:17:49"
  },
  "outgoingCall": {
    "totalTime": "00:26:54"
  }
}