{
  "msisdn": "71745888335",
  "incomingCall": {
    "totalTime": "03:57:14"
  },
  "outgoingCall": {
    "totalTime": "00:06:06"
  }
}