{
  "msisdn": "71745888335",
  "incomingCall": {
    "totalTime": "01:39:31"
  },
  "outgoingCall": {
    "totalTime": "02:04:06"
  }
}