{
  "msisdn": "71745888335",
  "incomingCall": {
    "totalTime": "01:38:37"
  },
  "outgoingCall": {
    "totalTime": "00:58:09"
  }
}