{
  "msisdn": "71981113878",
  "incomingCall": {
    "totalTime": "02:13:28"
  },
  "outgoingCall": {
    "totalTime": "01:43:05"
  }
}