{
  "msisdn": "71981113878",
  "incomingCall": {
    "totalTime": "02:04:43"
  },
  "outgoingCall": {
    "totalTime": "02:17:41"
  }
}