{
  "msisdn": "71981113878",
  "incomingCall": {
    "totalTime": "02:02:13"
  },
  "outgoingCall": {
    "totalTime": "00:00:00"
  }
}