{
  "msisdn": "72085351459",
  "incomingCall": {
    "totalTime": "02:51:44"
  },
  "outgoingCall": {
    "totalTime": "01:08:00"
  }
}