{
  "msisdn": "72415360550",
  "incomingCall": {
    "totalTime": "01:29:12"
  },
  "outgoingCall": {
    "totalTime": "01:17:27"
  }
}