{
  "msisdn": "72415360550",
  "incomingCall": {
    "totalTime": "02:42:52"
  },
  "outgoingCall": {
    "totalTime": "00:00:00"
  }
}