{
  "msisdn": "73246790986",
  "incomingCall": {
    "totalTime": "00:36:38"
  },
  "outgoingCall": {
    "totalTime": "01:09:25"
  }
}