{
  "msisdn": "73246790986",
  "incomingCall": {
    "totalTime": "02:16:46"
  },
  "outgoingCall": {
    "totalTime": "00:56:42"
  }
}