{
  "msisdn": "73246790986",
  "incomingCall": {
    "totalTime": "00:54:15"
  },
  "outgoingCall": {
    "totalTime": "01:25:05"
  }
}