{
  "msisdn": "74868492340",
  "incomingCall": {
    "totalTime": "00:55:54"
  },
  "outgoingCall": {
    "totalTime": "01:01:42"
  }
}