{
  "msisdn": "74868492340",
  "incomingCall": {
    "totalTime": "01:05:20"
  },
  "outgoingCall": {
    "totalTime": "00:41:10"
  }
}