{
  "msisdn": "76866011613",
  "incomingCall": {
    "totalTime": "00:42:06"
  },
  "outgoingCall": {
    "totalTime": "00:55:50"
  }
}