{
  "msisdn": "76866011613",
  "incomingCall": {
    "totalTime": "00:43:40"
  },
  "outgoingCall": {
    "totalTime": "00:47:49"
  }
}