{
  "msisdn": "76898554375",
  "incomingCall": {
    "totalTime": "02:30:24"
  },
  "outgoingCall": {
    "totalTime": "01:24:21"
  }
}