{
  "msisdn": "76898554375",
  "incomingCall": {
    "totalTime": "01:04:00"
  },
  "outgoingCall": {
    "totalTime": "00:58:06"
  }
}