{
  "msisdn": "76898554375",
  "incomingCall": {
    "totalTime": "00:25:58"
  },
  "outgoingCall": {
    "totalTime": "00:51:27"
  }
}