{
  "msisdn": "78077724911",
  "incomingCall": {
    "totalTime": "01:08:29"
  },
  "outgoingCall": {
    "totalTime": "02:53:03"
  }
}