{
  "msisdn": "78077724911",
  "incomingCall": {
    "totalTime": "00:52:19"
  },
  "outgoingCall": {
    "totalTime": "02:11:22"
  }
}