{
  "msisdn": "78077724911",
  "incomingCall": {
    "totalTime": "00:44:42"
  },
  "outgoingCall": {
    "totalTime": "01:57:43"
  }
}