{
  "msisdn": "78077724911",
  "incomingCall": {
    "totalTime": "01:51:37"
  },
  "outgoingCall": {
    "totalTime": "01:24:19"
  }
}